---
source: crates/rolldown_core/tests/common/mod.rs
expression: res.content_for_snapshot()
input_file: crates/rolldown_core/tests/esbuild/samples/splitting/shared_es6_into_es6
---
---------- a.js ----------
// a.js
import { foo } from "./shared.js";
console.log(foo);
---------- b.js ----------
// b.js
import { foo } from "./shared.js";
console.log(foo);
---------- shared.js ----------
// shared.js
let foo = 123;
export { foo };
