---
source: crates/rolldown/tests/common/mod.rs
expression: compiled_fx.output_friendly_to_snapshot()
input_file: crates/rolldown/tests/rollup/function/conflicting-reexports/named-import-external
---
---------- main.js ----------
import { foo } from "first";

import "second";

// main.js
assert.strictEqual(foo, 'first');
---------- WARNINGS ----------
AMBIGUOUS_EXTERNAL_NAMESPACES: Ambiguous external namespace resolution: "reexport.js" re-exports "foo" from one of the external modules "first" and "second", guessing "first".
