---
source: crates/rolldown_core/tests/common/mod.rs
expression: res.content_for_snapshot()
input_file: crates/rolldown_core/tests/rollup/samples/name-conflict-object
---
---------- main.js ----------
// main.js
import * as foo from "external";
const Object$1 = null;
var main = 'bar';
export { Object$1 as Object, main as default, foo };
