---
source: crates/rolldown_core/tests/common/mod.rs
expression: compiled_fx.output_friendly_to_snapshot()
input_file: crates/rolldown_core/tests/esbuild/import_star/export_self_as_namespace_common_js
---
---------- main.js ----------
// main.js
"use strict";
Object.defineProperty(exports, "__esModule", {
    value: true
});
function _export(target, all) {
    for(var name in all)Object.defineProperty(target, name, {
        enumerable: true,
        get: all[name]
    });
}
_export(exports, {
    foo: function() {
        return foo;
    },
    ns: function() {
        return ns;
    }
});
const foo = 123;
var ns = Object.freeze({
    __proto__: null,
    get foo () {
        return foo;
    },
    get ns () {
        return ns;
    }
});
