---
source: crates/rolldown_core/tests/common/mod.rs
expression: res.output_friendly_to_snapshot()
input_file: crates/rolldown_core/tests/fixtures/deconflicting_variables/unused_name_should_be_ignored
---
---------- main.js ----------
// foo.js
const foo = 'should keep the original name `foo`';
console.log(foo);
