---
source: crates/rolldown/tests/common/mod.rs
expression: compiled_fx.output_friendly_to_snapshot()
input_file: crates/rolldown/tests/esbuild/ts/ts_enum_cross_module_inlining_access
---
---------- main.js ----------
// enums.ts
var a;
(function(a$1) {
    a$1[a$1["x"] = 123] = "x";
})(a || (a = {}));
var b;
(function(b$1) {
    b$1[b$1["x"] = 123] = "x";
})(b || (b = {}));
var c;
(function(c$1) {
    c$1[c$1["x"] = 123] = "x";
})(c || (c = {}));
var d;
(function(d$1) {
    d$1[d$1["x"] = 123] = "x";
})(d || (d = {}));
var e;
(function(e$1) {
    e$1[e$1["x"] = 123] = "x";
})(e || (e = {}));

// main.ts
console.log([
    a.x,
    b['x'],
    c?.x,
    d?.['x'],
    e
]);
