---
source: crates/rolldown_core/tests/common/mod.rs
expression: compiled_fx.output_friendly_to_snapshot()
input_file: crates/rolldown_core/tests/esbuild/import_star/export_import_star_capture
---
---------- main.js ----------
// foo.js
const foo$1 = 123;
var ns = Object.freeze({
    __proto__: null,
    get foo () {
        return foo$1;
    }
});

// main.js
let foo = 234;
console.log(ns, ns.foo, foo);
