---
source: crates/rolldown_core/tests/common/mod.rs
expression: res.content_for_snapshot()
input_file: crates/rolldown_core/tests/esbuild/samples/import_star/export_import_star_no_capture
---
---------- entry.js ----------
// foo.js
const foo$1 = 123;
var ns = Object.freeze({
    __proto__: null,
    get foo () {
        return foo$1;
    }
});

// entry.js
let foo = 234;
console.log(ns.foo, ns.foo, foo);
