---
source: crates/rolldown_core/tests/common/mod.rs
expression: compiled_fx.output_friendly_to_snapshot()
input_file: crates/rolldown_core/tests/esbuild/import_star/import_star_export_star_omit_ambiguous
---
---------- main.js ----------
// foo.js
const x = 1;

// bar.js
const z = 4;

// common.js
var ns = Object.freeze({
    __proto__: null,
    get x () {
        return x;
    },
    get z () {
        return z;
    }
});

// main.js
console.log(ns);
