---
source: crates/rolldown/tests/common/mod.rs
expression: compiled_fx.output_friendly_to_snapshot()
input_file: crates/rolldown/tests/esbuild/ts/ts_enum_jsx
---
---------- element.js ----------
// element.tsx
var Foo;
(Foo || (Foo = {}))["Div"] = 'div';
console.log(<Foo.Div/>);
export { Foo };
---------- fragment.js ----------
// fragment.tsx
var React;
(React || (React = {}))["Fragment"] = 'div';
console.log(<>test</>);
export { React };
---------- nested-element.js ----------
// nested-element.tsx
var x;
(function(x$1) {
    var y;
    ((y = x$1.y || (x$1.y = {})).Foo || (y.Foo = {}))["Div"] = 'div';
})(x || (x = {}));
(function(x$2) {
    x$2.y || (x$2.y = {}), console.log(<x$2.y.Foo.Div/>);
})(x || (x = {}));
---------- nested-fragment.js ----------
// nested-fragment.tsx
var x;
(function(x$1) {
    var y;
    ((y = x$1.y || (x$1.y = {})).React || (y.React = {}))["Fragment"] = 'div';
})(x || (x = {}));
(function(x$2) {
    x$2.y || (x$2.y = {}), console.log(<>test</>);
})(x || (x = {}));
