---
source: crates/rolldown_core/tests/common/mod.rs
expression: compiled_fx.output_friendly_to_snapshot()
input_file: crates/rolldown_core/tests/esbuild/import_star/import_star_no_capture
---
---------- main.js ----------
// foo.js
const foo$1 = 123;

// main.js
let foo = 234;
console.log(foo$1, foo$1, foo);
