---
source: crates/rolldown_core/tests/common/mod.rs
expression: res.content_for_snapshot()
input_file: crates/rolldown_core/tests/esbuild/samples/import_star/import_star_no_capture
---
---------- entry.js ----------
// foo.js
const foo$1 = 123;

// entry.js
let foo = 234;
console.log(foo$1, foo$1, foo);
