---
source: crates/rolldown_core/tests/common/mod.rs
expression: res.output_friendly_to_snapshot()
input_file: crates/rolldown_core/tests/fixtures/handle_import_from_indirect_re_export_in_deps
---
---------- a.js ----------
import { a as a1 } from "./shared.js";

// a.js
console.log(a1);
---------- b.js ----------
import { b as b1 } from "./shared.js";

// b.js
console.log(b1);
---------- shared.js ----------
// shared.js
let a = 1;
let b = 2;
console.log('side effect');
export { a, b };
