---
source: crates/rolldown_core/tests/common/mod.rs
expression: res.output_friendly_to_snapshot()
input_file: crates/rolldown_core/tests/fixtures/deconflicting_variables/import_from_external
---
---------- a.js ----------
import { foo as foo$1 } from "external";

// b.js
console.log(foo$1, 'external');

// a.js
const foo = 'non-external';
console.log(foo);
