---
source: crates/rolldown_core/tests/common/mod.rs
expression: compiled_fx.output_friendly_to_snapshot()
input_file: crates/rolldown_core/tests/esbuild/import_star/export_self_common_js
---
---------- main.js ----------
// main.js
"use strict";
Object.defineProperty(exports, "__esModule", {
    value: true
});
Object.defineProperty(exports, "foo", {
    enumerable: true,
    get: function() {
        return foo;
    }
});
const foo = 123;
