---
source: crates/rolldown_core/tests/common/mod.rs
expression: res.content_for_snapshot()
input_file: crates/rolldown_core/tests/esbuild/samples/splitting/circular_reference_issue251
---
---------- a.js ----------
// a.js
export { q } from "./b.js";
var p = 5;
export { p };
---------- b.js ----------
// b.js
export { p } from "./a.js";
var q = 6;
export { q };
