---
source: crates/rolldown/tests/common/mod.rs
expression: compiled_fx.output_friendly_to_snapshot()
input_file: crates/rolldown/tests/esbuild/import_star/re_export_other_file_import_export_self_as_namespace_es6
---
---------- main.js ----------
// foo.js
const foo = 123;
var ns = Object.freeze({
    __proto__: null,
    get foo () {
        return foo;
    },
    get ns () {
        return ns;
    }
});
export { foo, ns };
