---
source: crates/rolldown_core/tests/common/mod.rs
expression: res.output_friendly_to_snapshot()
input_file: crates/rolldown_core/tests/esbuild/import_star/re_export_star_name_collision_not_ambiguous_import
---
---------- entry.js ----------
// c.js
let x = 1, y = 2;

// entry.js
console.log(x, y);
