---
source: crates/rolldown_core/tests/common/mod.rs
expression: compiled_fx.output_friendly_to_snapshot()
input_file: crates/rolldown_core/tests/esbuild/ts/ts_declare_enum
---
---------- main.js ----------
// main.ts
var require;
require || (require = {});
var exports;
exports || (exports = {});
var module;
module || (module = {});
foo || (foo = {});
let foo = bar();
