---
source: crates/rolldown_core/tests/common/mod.rs
expression: compiled_fx.output_friendly_to_snapshot()
input_file: crates/rolldown_core/tests/esbuild/splitting/dynamic_es6_into_es6
---
---------- foo.js ----------
// foo.js
let bar = 123;
export { bar };
---------- main.js ----------
// main.js
import("./foo.js").then(({ bar  })=>console.log(bar));
