---
source: crates/rolldown_core/tests/common/mod.rs
expression: compiled_fx.output_friendly_to_snapshot()
input_file: crates/rolldown_core/tests/rollup/function/import-nameless-class-expression
---
---------- main.js ----------
// foo.js
class Foo {
}

// main.js
assert.strictEqual(new Foo().constructor, Foo);
