---
source: crates/rolldown_core/tests/common/mod.rs
expression: res.output_friendly_to_snapshot()
input_file: crates/rolldown_core/tests/rollup/function/chunk-external-dependency-execution-order
---
---------- main.js ----------
import "external-first";

import "external-second";

// dep.js
executionOrder.push('dep');

// main.js
executionOrder.push('main');
