---
source: crates/rolldown/tests/common/mod.rs
expression: compiled_fx.output_friendly_to_snapshot()
input_file: crates/rolldown/tests/esbuild/ts/export_type_issue379
---
---------- main.js ----------
// a.ts
let foo$3 = 123;
var A = Object.freeze({
    __proto__: null,
    get foo () {
        return foo$3;
    }
});

// b.ts
let foo$2 = 123;
var B = Object.freeze({
    __proto__: null,
    get foo () {
        return foo$2;
    }
});

// c.ts
let foo$1 = 123;
var C = Object.freeze({
    __proto__: null,
    get Test () {
        return Test;
    },
    get foo () {
        return foo$1;
    }
});

// d.ts
let foo = 123;
var D = Object.freeze({
    __proto__: null,
    get Test () {
        return Test;
    },
    get foo () {
        return foo;
    }
});

// main.ts
console.log(A, B, C, D);
---------- WARNINGS ----------
SHIMMED_EXPORT: Missing export "Test" has been shimmed in module "test.ts".
